// Jest Snapshot v1, https://goo.gl/fbAQLP

exports[`Dashboard will match snapshot 1`] = `
Object {
  "asFragment": [Function],
  "baseElement": <body>
    <div>
      <div>
        <input
          checked=""
          name="toggle"
          type="radio"
          value="true"
        />
        <label>
          unanswered polls
        </label>
        <input
          name="toggle"
          type="radio"
          value="false"
        />
        <label>
          answered polls
        </label>
        <div
          class="dashboard"
        >
          <h3
            class="center"
          >
            New Questions
          </h3>
          <ul
            class="dashboard-list"
          >
            <li>
              <div>
                sarahedo
                <div>
                  5:22:AM | 3/4/2017
                </div>
                <button
                  class="btn-quesion"
                >
                  Show
                </button>
              </div>
            </li>
            <li>
              <div>
                tylermcginnis
                <div>
                  6:42:PM | 12/24/2016
                </div>
                <button
                  class="btn-quesion"
                >
                  Show
                </button>
              </div>
            </li>
            <li>
              <div>
                sarahedo
                <div>
                  9:21:AM | 6/29/2016
                </div>
                <button
                  class="btn-quesion"
                >
                  Show
                </button>
              </div>
            </li>
          </ul>
        </div>
      </div>
    </div>
  </body>,
  "container": <div>
    <div>
      <input
        checked=""
        name="toggle"
        type="radio"
        value="true"
      />
      <label>
        unanswered polls
      </label>
      <input
        name="toggle"
        type="radio"
        value="false"
      />
      <label>
        answered polls
      </label>
      <div
        class="dashboard"
      >
        <h3
          class="center"
        >
          New Questions
        </h3>
        <ul
          class="dashboard-list"
        >
          <li>
            <div>
              sarahedo
              <div>
                5:22:AM | 3/4/2017
              </div>
              <button
                class="btn-quesion"
              >
                Show
              </button>
            </div>
          </li>
          <li>
            <div>
              tylermcginnis
              <div>
                6:42:PM | 12/24/2016
              </div>
              <button
                class="btn-quesion"
              >
                Show
              </button>
            </div>
          </li>
          <li>
            <div>
              sarahedo
              <div>
                9:21:AM | 6/29/2016
              </div>
              <button
                class="btn-quesion"
              >
                Show
              </button>
            </div>
          </li>
        </ul>
      </div>
    </div>
  </div>,
  "debug": [Function],
  "findAllByAltText": [Function],
  "findAllByDisplayValue": [Function],
  "findAllByLabelText": [Function],
  "findAllByPlaceholderText": [Function],
  "findAllByRole": [Function],
  "findAllByTestId": [Function],
  "findAllByText": [Function],
  "findAllByTitle": [Function],
  "findByAltText": [Function],
  "findByDisplayValue": [Function],
  "findByLabelText": [Function],
  "findByPlaceholderText": [Function],
  "findByRole": [Function],
  "findByTestId": [Function],
  "findByText": [Function],
  "findByTitle": [Function],
  "getAllByAltText": [Function],
  "getAllByDisplayValue": [Function],
  "getAllByLabelText": [Function],
  "getAllByPlaceholderText": [Function],
  "getAllByRole": [Function],
  "getAllByTestId": [Function],
  "getAllByText": [Function],
  "getAllByTitle": [Function],
  "getByAltText": [Function],
  "getByDisplayValue": [Function],
  "getByLabelText": [Function],
  "getByPlaceholderText": [Function],
  "getByRole": [Function],
  "getByTestId": [Function],
  "getByText": [Function],
  "getByTitle": [Function],
  "queryAllByAltText": [Function],
  "queryAllByDisplayValue": [Function],
  "queryAllByLabelText": [Function],
  "queryAllByPlaceholderText": [Function],
  "queryAllByRole": [Function],
  "queryAllByTestId": [Function],
  "queryAllByText": [Function],
  "queryAllByTitle": [Function],
  "queryByAltText": [Function],
  "queryByDisplayValue": [Function],
  "queryByLabelText": [Function],
  "queryByPlaceholderText": [Function],
  "queryByRole": [Function],
  "queryByTestId": [Function],
  "queryByText": [Function],
  "queryByTitle": [Function],
  "rerender": [Function],
  "unmount": [Function],
}
`;
